[0.010s][info][gc] Using The Z Garbage Collector
[0.169s][info][gc] GC(0) Garbage Collection (Warmup) 4M(17%)->4M(17%)
[1.066s][info][gc] GC(1) Garbage Collection (Warmup) 6M(25%)->4M(17%)
[13.178s][info][gc] GC(2) Garbage Collection (Warmup) 10M(42%)->8M(33%)
[13.280s][info][gc] GC(3) Garbage Collection (Allocation Rate) 18M(75%)->10M(42%)
[13.368s][info][gc] GC(4) Garbage Collection (Allocation Rate) 10M(42%)->6M(25%)
[13.477s][info][gc] GC(5) Garbage Collection (Allocation Rate) 8M(33%)->6M(25%)
[13.572s][info][gc] GC(6) Garbage Collection (Allocation Rate) 8M(33%)->8M(33%)
[13.672s][info][gc] GC(7) Garbage Collection (Allocation Rate) 10M(42%)->10M(42%)
[13.784s][info][gc] GC(8) Garbage Collection (Allocation Rate) 12M(50%)->10M(42%)
[13.871s][info][gc] GC(9) Garbage Collection (Allocation Rate) 12M(50%)->10M(42%)
[13.975s][info][gc] GC(10) Garbage Collection (Allocation Rate) 10M(42%)->8M(33%)
[14.070s][info][gc] GC(11) Garbage Collection (Allocation Rate) 10M(42%)->8M(33%)
[17.975s][info][gc] GC(12) Garbage Collection (Proactive) 12M(50%)->10M(42%)
[25.982s][info][gc] GC(13) Garbage Collection (Proactive) 14M(58%)->12M(50%)
[44.543s][info][gc] Allocation Stall (main) 14.497ms
[44.544s][info][gc] GC(14) Garbage Collection (Allocation Stall) 24M(100%)->14M(58%)
[44.564s][info][gc] Allocation Stall (main) 10.944ms
[44.565s][info][gc] GC(15) Garbage Collection (Allocation Stall) 24M(100%)->16M(67%)
[44.581s][info][gc] Allocation Stall (main) 10.152ms
[44.581s][info][gc] GC(16) Garbage Collection (Allocation Stall) 24M(100%)->18M(75%)
[44.669s][info][gc] GC(17) Garbage Collection (Allocation Rate) 20M(83%)->10M(42%)
[44.780s][info][gc] GC(18) Garbage Collection (Allocation Rate) 10M(42%)->10M(42%)
[44.873s][info][gc] GC(19) Garbage Collection (Allocation Rate) 10M(42%)->10M(42%)
[44.970s][info][gc] GC(20) Garbage Collection (Allocation Rate) 12M(50%)->10M(42%)
[45.079s][info][gc] GC(21) Garbage Collection (Allocation Rate) 10M(42%)->10M(42%)
[45.173s][info][gc] GC(22) Garbage Collection (Allocation Rate) 10M(42%)->10M(42%)
[45.282s][info][gc] GC(23) Garbage Collection (Allocation Rate) 10M(42%)->10M(42%)
[45.376s][info][gc] GC(24) Garbage Collection (Allocation Rate) 10M(42%)->10M(42%)
[45.781s][info][gc] GC(25) Garbage Collection (Allocation Rate) 10M(42%)->10M(42%)
[45.875s][info][gc] GC(26) Garbage Collection (Allocation Rate) 10M(42%)->10M(42%)
[45.970s][info][gc] GC(27) Garbage Collection (Allocation Rate) 12M(50%)->10M(42%)
[46.079s][info][gc] GC(28) Garbage Collection (Allocation Rate) 10M(42%)->10M(42%)
[46.170s][info][gc] GC(29) Garbage Collection (Allocation Rate) 10M(42%)->10M(42%)
[46.281s][info][gc] GC(30) Garbage Collection (Allocation Rate) 10M(42%)->10M(42%)
[46.373s][info][gc] GC(31) Garbage Collection (Allocation Rate) 10M(42%)->10M(42%)
[58.975s][info][gc] GC(32) Garbage Collection (Proactive) 14M(58%)->10M(42%)
[59.982s][info][gc] GC(33) Garbage Collection (Proactive) 14M(58%)->12M(50%)
[73.973s][info][gc] GC(34) Garbage Collection (Proactive) 16M(67%)->12M(50%)
[86.969s][info][gc] GC(35) Garbage Collection (Proactive) 16M(67%)->12M(50%)
[98.984s][info][gc] GC(36) Garbage Collection (Proactive) 16M(67%)->12M(50%)
[112.970s][info][gc] GC(37) Garbage Collection (Proactive) 16M(67%)->12M(50%)
[128.978s][info][gc] GC(38) Garbage Collection (Proactive) 16M(67%)->12M(50%)
[141.976s][info][gc] GC(39) Garbage Collection (Proactive) 16M(67%)->10M(42%)
[157.973s][info][gc] GC(40) Garbage Collection (Proactive) 14M(58%)->10M(42%)
[159.272s][info][gc] GC(41) Garbage Collection (Proactive) 14M(58%)->12M(50%)
[171.976s][info][gc] GC(42) Garbage Collection (Proactive) 16M(67%)->10M(42%)
